[2025-02-14 12:09:26,750][CMC_utils.pipelines.missing_pipeline][INFO] - Supervised tabular missing main started
[2025-02-14 12:09:27,539] - [INFO] - Data loaded - [CMC_utils.save_load.datasets]
[2025-02-14 12:09:27,569] - [INFO] - Dataset ready - [CMC_utils.datasets.supervised]
[2025-02-14 12:09:31,543] - [INFO] - Cross-validation folds ready - [cross_validation.functions]
[2025-02-14 12:09:31,553] - [INFO] - Fold 0-0: started - [cross_validation.functions]
[2025-02-14 12:09:31,586] - [INFO] - 0.0% of data is missing - [preprocessing.tabular.missing_generation]
[2025-02-14 12:09:31,590] - [INFO] - 0.0% of data is missing - [preprocessing.tabular.missing_generation]
[2025-02-14 12:09:31,791] - [INFO] - Numerical preprocessing done - [CMC_utils.preprocessing.tabular.functions.numerical_features]
[2025-02-14 12:09:31,925] - [INFO] - Numerical preprocessing params saved - [CMC_utils.preprocessing.tabular.tabular_preprocessing]
[2025-02-14 12:09:31,932] - [INFO] - Imputation done - [CMC_utils.preprocessing.tabular.functions.missing_features]
[2025-02-14 12:09:34,246] - [INFO] - Imputation model saved - [CMC_utils.preprocessing.tabular.tabular_preprocessing]
[2025-02-14 12:09:34,305] - [INFO] - Numerical preprocessing done - [CMC_utils.preprocessing.tabular.functions.numerical_features]
[2025-02-14 12:09:34,315] - [INFO] - Imputation done - [CMC_utils.preprocessing.tabular.functions.missing_features]
[2025-02-14 12:09:34,347] - [INFO] - Numerical preprocessing done - [CMC_utils.preprocessing.tabular.functions.numerical_features]
[2025-02-14 12:09:34,353] - [INFO] - Imputation done - [CMC_utils.preprocessing.tabular.functions.missing_features]
[2025-02-14 12:09:43,713] - [INFO] - ---------- - [models.train_test.torch_model.train_utils]
[2025-02-14 12:09:43,713] - [INFO] - Epoch 1/1500 - [models.train_test.torch_model.train_utils]
[2025-02-14 12:09:54,319] - [INFO] - train loss: 1.1147 auc: [0.7487, 0.7487] - [models.train_test.torch_model.train]
[2025-02-14 12:09:54,861] - [INFO] - val loss: 0.8319 auc: [0.9286, 0.9286] - [models.train_test.torch_model.train]
[2025-02-14 12:09:54,861] - [INFO] - ---------- - [models.train_test.torch_model.train_utils]
[2025-02-14 12:09:54,861] - [INFO] - Epoch 2/1500 - [models.train_test.torch_model.train_utils]
[2025-02-14 12:10:00,351] - [INFO] - train loss: 0.8101 auc: [0.8741, 0.8741] - [models.train_test.torch_model.train]
[2025-02-14 12:10:00,885] - [INFO] - val loss: 0.6657 auc: [0.956, 0.956] - [models.train_test.torch_model.train]
[2025-02-14 12:10:00,885] - [INFO] - ---------- - [models.train_test.torch_model.train_utils]
[2025-02-14 12:10:00,886] - [INFO] - Epoch 3/1500 - [models.train_test.torch_model.train_utils]
[2025-02-14 12:10:06,374] - [INFO] - train loss: 0.6433 auc: [0.9169, 0.9169] - [models.train_test.torch_model.train]
[2025-02-14 12:10:06,896] - [INFO] - val loss: 0.5915 auc: [0.9732, 0.9732] - [models.train_test.torch_model.train]
[2025-02-14 12:10:06,896] - [INFO] - ---------- - [models.train_test.torch_model.train_utils]
[2025-02-14 12:10:06,896] - [INFO] - Epoch 4/1500 - [models.train_test.torch_model.train_utils]
[2025-02-14 12:10:12,367] - [INFO] - train loss: 0.5566 auc: [0.9282, 0.9282] - [models.train_test.torch_model.train]
[2025-02-14 12:10:12,890] - [INFO] - val loss: 0.4410 auc: [0.9784, 0.9784] - [models.train_test.torch_model.train]
[2025-02-14 12:10:13,568] - [INFO] - ---------- - [models.train_test.torch_model.train_utils]
[2025-02-14 12:10:13,568] - [INFO] - Epoch 5/1500 - [models.train_test.torch_model.train_utils]
[2025-02-14 12:10:19,082] - [INFO] - train loss: 0.4948 auc: [0.9393, 0.9393] - [models.train_test.torch_model.train]
[2025-02-14 12:10:19,608] - [INFO] - val loss: 0.4185 auc: [0.9814, 0.9814] - [models.train_test.torch_model.train]
[2025-02-14 12:10:19,608] - [INFO] - ---------- - [models.train_test.torch_model.train_utils]
[2025-02-14 12:10:19,608] - [INFO] - Epoch 6/1500 - [models.train_test.torch_model.train_utils]
[2025-02-14 12:10:25,046] - [INFO] - train loss: 0.4579 auc: [0.9432, 0.9432] - [models.train_test.torch_model.train]
[2025-02-14 12:10:25,569] - [INFO] - val loss: 0.3975 auc: [0.982, 0.982] - [models.train_test.torch_model.train]
[2025-02-14 12:10:25,569] - [INFO] - ---------- - [models.train_test.torch_model.train_utils]
[2025-02-14 12:10:25,569] - [INFO] - Epoch 7/1500 - [models.train_test.torch_model.train_utils]
[2025-02-14 12:10:31,023] - [INFO] - train loss: 0.4282 auc: [0.9486, 0.9486] - [models.train_test.torch_model.train]
[2025-02-14 12:10:31,549] - [INFO] - val loss: 0.3773 auc: [0.9831, 0.9831] - [models.train_test.torch_model.train]
[2025-02-14 12:10:31,549] - [INFO] - ---------- - [models.train_test.torch_model.train_utils]
[2025-02-14 12:10:31,549] - [INFO] - Epoch 8/1500 - [models.train_test.torch_model.train_utils]
[2025-02-14 12:10:37,041] - [INFO] - train loss: 0.4082 auc: [0.9499, 0.9499] - [models.train_test.torch_model.train]
[2025-02-14 12:10:37,564] - [INFO] - val loss: 0.3397 auc: [0.9839, 0.9839] - [models.train_test.torch_model.train]
[2025-02-14 12:10:37,564] - [INFO] - ---------- - [models.train_test.torch_model.train_utils]
[2025-02-14 12:10:37,565] - [INFO] - Epoch 9/1500 - [models.train_test.torch_model.train_utils]
[2025-02-14 12:10:42,963] - [INFO] - train loss: 0.3964 auc: [0.9513, 0.9513] - [models.train_test.torch_model.train]
[2025-02-14 12:10:43,486] - [INFO] - val loss: 0.3104 auc: [0.985, 0.985] - [models.train_test.torch_model.train]
[2025-02-14 12:10:43,486] - [INFO] - ---------- - [models.train_test.torch_model.train_utils]
[2025-02-14 12:10:43,486] - [INFO] - Epoch 10/1500 - [models.train_test.torch_model.train_utils]
[2025-02-14 12:10:48,881] - [INFO] - train loss: 0.3750 auc: [0.956, 0.956] - [models.train_test.torch_model.train]
[2025-02-14 12:10:49,403] - [INFO] - val loss: 0.3369 auc: [0.9854, 0.9854] - [models.train_test.torch_model.train]
[2025-02-14 12:10:49,403] - [INFO] - ---------- - [models.train_test.torch_model.train_utils]
[2025-02-14 12:10:49,403] - [INFO] - Epoch 11/1500 - [models.train_test.torch_model.train_utils]
[2025-02-14 12:10:54,805] - [INFO] - train loss: 0.3716 auc: [0.9537, 0.9537] - [models.train_test.torch_model.train]
[2025-02-14 12:10:55,326] - [INFO] - val loss: 0.2804 auc: [0.986, 0.986] - [models.train_test.torch_model.train]
[2025-02-14 12:10:55,327] - [INFO] - ---------- - [models.train_test.torch_model.train_utils]
[2025-02-14 12:10:55,327] - [INFO] - Epoch 12/1500 - [models.train_test.torch_model.train_utils]
[2025-02-14 12:11:00,740] - [INFO] - train loss: 0.3528 auc: [0.9576, 0.9576] - [models.train_test.torch_model.train]
[2025-02-14 12:11:01,265] - [INFO] - val loss: 0.3279 auc: [0.9857, 0.9857] - [models.train_test.torch_model.train]
[2025-02-14 12:11:01,265] - [INFO] - ---------- - [models.train_test.torch_model.train_utils]
[2025-02-14 12:11:01,265] - [INFO] - Epoch 13/1500 - [models.train_test.torch_model.train_utils]
[2025-02-14 12:11:06,671] - [INFO] - train loss: 0.3604 auc: [0.9542, 0.9542] - [models.train_test.torch_model.train]
[2025-02-14 12:11:07,194] - [INFO] - val loss: 0.2761 auc: [0.9858, 0.9858] - [models.train_test.torch_model.train]
[2025-02-14 12:11:07,194] - [INFO] - ---------- - [models.train_test.torch_model.train_utils]
[2025-02-14 12:11:07,194] - [INFO] - Epoch 14/1500 - [models.train_test.torch_model.train_utils]
[2025-02-14 12:11:12,581] - [INFO] - train loss: 0.3383 auc: [0.9601, 0.9601] - [models.train_test.torch_model.train]
[2025-02-14 12:11:13,102] - [INFO] - val loss: 0.3135 auc: [0.9866, 0.9866] - [models.train_test.torch_model.train]
[2025-02-14 12:11:13,102] - [INFO] - ---------- - [models.train_test.torch_model.train_utils]
[2025-02-14 12:11:13,103] - [INFO] - Epoch 15/1500 - [models.train_test.torch_model.train_utils]
[2025-02-14 12:11:18,490] - [INFO] - train loss: 0.3541 auc: [0.9547, 0.9547] - [models.train_test.torch_model.train]
[2025-02-14 12:11:19,013] - [INFO] - val loss: 0.2940 auc: [0.9857, 0.9857] - [models.train_test.torch_model.train]
[2025-02-14 12:11:19,013] - [INFO] - ---------- - [models.train_test.torch_model.train_utils]
[2025-02-14 12:11:19,013] - [INFO] - Epoch 16/1500 - [models.train_test.torch_model.train_utils]
[2025-02-14 12:11:24,406] - [INFO] - train loss: 0.3450 auc: [0.9569, 0.9569] - [models.train_test.torch_model.train]
[2025-02-14 12:11:24,929] - [INFO] - val loss: 0.2470 auc: [0.9863, 0.9863] - [models.train_test.torch_model.train]
[2025-02-14 12:11:24,929] - [INFO] - ---------- - [models.train_test.torch_model.train_utils]
[2025-02-14 12:11:24,929] - [INFO] - Epoch 17/1500 - [models.train_test.torch_model.train_utils]
[2025-02-14 12:11:30,326] - [INFO] - train loss: 0.3315 auc: [0.9599, 0.9599] - [models.train_test.torch_model.train]
[2025-02-14 12:11:30,846] - [INFO] - val loss: 0.2899 auc: [0.9865, 0.9865] - [models.train_test.torch_model.train]
[2025-02-14 12:11:30,846] - [INFO] - ---------- - [models.train_test.torch_model.train_utils]
[2025-02-14 12:11:30,846] - [INFO] - Epoch 18/1500 - [models.train_test.torch_model.train_utils]
[2025-02-14 12:11:36,238] - [INFO] - train loss: 0.3395 auc: [0.9567, 0.9567] - [models.train_test.torch_model.train]
[2025-02-14 12:11:36,762] - [INFO] - val loss: 0.2472 auc: [0.9875, 0.9875] - [models.train_test.torch_model.train]
[2025-02-14 12:11:36,762] - [INFO] - ---------- - [models.train_test.torch_model.train_utils]
[2025-02-14 12:11:36,762] - [INFO] - Epoch 19/1500 - [models.train_test.torch_model.train_utils]
[2025-02-14 12:11:42,156] - [INFO] - train loss: 0.3155 auc: [0.9653, 0.9653] - [models.train_test.torch_model.train]
[2025-02-14 12:11:42,681] - [INFO] - val loss: 0.2701 auc: [0.987, 0.987] - [models.train_test.torch_model.train]
[2025-02-14 12:11:42,681] - [INFO] - ---------- - [models.train_test.torch_model.train_utils]
[2025-02-14 12:11:42,681] - [INFO] - Epoch 20/1500 - [models.train_test.torch_model.train_utils]
[2025-02-14 12:11:48,079] - [INFO] - train loss: 0.3178 auc: [0.9628, 0.9628] - [models.train_test.torch_model.train]
[2025-02-14 12:11:48,600] - [INFO] - val loss: 0.2633 auc: [0.9869, 0.9869] - [models.train_test.torch_model.train]
[2025-02-14 12:11:48,600] - [INFO] - ---------- - [models.train_test.torch_model.train_utils]
[2025-02-14 12:11:48,600] - [INFO] - Epoch 21/1500 - [models.train_test.torch_model.train_utils]
[2025-02-14 12:11:53,997] - [INFO] - train loss: 0.3142 auc: [0.9631, 0.9631] - [models.train_test.torch_model.train]
[2025-02-14 12:11:54,518] - [INFO] - val loss: 0.3095 auc: [0.9863, 0.9863] - [models.train_test.torch_model.train]
[2025-02-14 12:11:54,518] - [INFO] - ---------- - [models.train_test.torch_model.train_utils]
[2025-02-14 12:11:54,518] - [INFO] - Epoch 22/1500 - [models.train_test.torch_model.train_utils]
[2025-02-14 12:11:59,911] - [INFO] - train loss: 0.3206 auc: [0.9613, 0.9613] - [models.train_test.torch_model.train]
[2025-02-14 12:12:00,440] - [INFO] - val loss: 0.2480 auc: [0.9866, 0.9866] - [models.train_test.torch_model.train]
[2025-02-14 12:12:00,441] - [INFO] - ---------- - [models.train_test.torch_model.train_utils]
[2025-02-14 12:12:00,441] - [INFO] - Epoch 23/1500 - [models.train_test.torch_model.train_utils]
[2025-02-14 12:12:05,865] - [INFO] - train loss: 0.3056 auc: [0.9661, 0.9661] - [models.train_test.torch_model.train]
[2025-02-14 12:12:06,383] - [INFO] - val loss: 0.2493 auc: [0.9871, 0.9871] - [models.train_test.torch_model.train]
[2025-02-14 12:12:06,383] - [INFO] - ---------- - [models.train_test.torch_model.train_utils]
[2025-02-14 12:12:06,383] - [INFO] - Epoch 24/1500 - [models.train_test.torch_model.train_utils]
[2025-02-14 12:12:11,796] - [INFO] - train loss: 0.3139 auc: [0.9625, 0.9625] - [models.train_test.torch_model.train]
[2025-02-14 12:12:12,318] - [INFO] - val loss: 0.2717 auc: [0.9867, 0.9867] - [models.train_test.torch_model.train]
[2025-02-14 12:12:12,318] - [INFO] - ---------- - [models.train_test.torch_model.train_utils]
[2025-02-14 12:12:12,318] - [INFO] - Epoch 25/1500 - [models.train_test.torch_model.train_utils]
[2025-02-14 12:12:17,771] - [INFO] - train loss: 0.3036 auc: [0.9646, 0.9646] - [models.train_test.torch_model.train]
[2025-02-14 12:12:18,293] - [INFO] - val loss: 0.2592 auc: [0.9878, 0.9878] - [models.train_test.torch_model.train]
[2025-02-14 12:12:18,293] - [INFO] - ---------- - [models.train_test.torch_model.train_utils]
[2025-02-14 12:12:18,293] - [INFO] - Epoch 26/1500 - [models.train_test.torch_model.train_utils]
[2025-02-14 12:12:23,785] - [INFO] - train loss: 0.3022 auc: [0.9655, 0.9655] - [models.train_test.torch_model.train]
[2025-02-14 12:12:24,313] - [INFO] - val loss: 0.2683 auc: [0.9876, 0.9876] - [models.train_test.torch_model.train]
[2025-02-14 12:12:24,313] - [INFO] - ---------- - [models.train_test.torch_model.train_utils]
[2025-02-14 12:12:24,313] - [INFO] - Epoch 27/1500 - [models.train_test.torch_model.train_utils]
[2025-02-14 12:12:29,760] - [INFO] - train loss: 0.3038 auc: [0.9645, 0.9645] - [models.train_test.torch_model.train]
[2025-02-14 12:12:30,288] - [INFO] - val loss: 0.2603 auc: [0.9883, 0.9883] - [models.train_test.torch_model.train]
[2025-02-14 12:12:30,289] - [INFO] - ---------- - [models.train_test.torch_model.train_utils]
[2025-02-14 12:12:30,289] - [INFO] - Epoch 28/1500 - [models.train_test.torch_model.train_utils]
[2025-02-14 12:12:35,744] - [INFO] - train loss: 0.3129 auc: [0.9622, 0.9622] - [models.train_test.torch_model.train]
[2025-02-14 12:12:36,274] - [INFO] - val loss: 0.2419 auc: [0.9877, 0.9877] - [models.train_test.torch_model.train]
[2025-02-14 12:12:36,274] - [INFO] - ---------- - [models.train_test.torch_model.train_utils]
[2025-02-14 12:12:36,274] - [INFO] - Epoch 29/1500 - [models.train_test.torch_model.train_utils]
[2025-02-14 12:12:41,720] - [INFO] - train loss: 0.2976 auc: [0.9657, 0.9657] - [models.train_test.torch_model.train]
[2025-02-14 12:12:42,249] - [INFO] - val loss: 0.2232 auc: [0.9881, 0.9881] - [models.train_test.torch_model.train]
[2025-02-14 12:12:42,249] - [INFO] - ---------- - [models.train_test.torch_model.train_utils]
[2025-02-14 12:12:42,249] - [INFO] - Epoch 30/1500 - [models.train_test.torch_model.train_utils]
[2025-02-14 12:12:47,709] - [INFO] - train loss: 0.2873 auc: [0.9686, 0.9686] - [models.train_test.torch_model.train]
[2025-02-14 12:12:48,823] - [INFO] - val loss: 0.2112 auc: [0.9879, 0.9879] - [models.train_test.torch_model.train]
[2025-02-14 12:12:48,823] - [INFO] - ---------- - [models.train_test.torch_model.train_utils]
[2025-02-14 12:12:48,823] - [INFO] - Epoch 31/1500 - [models.train_test.torch_model.train_utils]
[2025-02-14 12:12:54,332] - [INFO] - train loss: 0.3005 auc: [0.9654, 0.9654] - [models.train_test.torch_model.train]
[2025-02-14 12:12:54,861] - [INFO] - val loss: 0.2368 auc: [0.9884, 0.9884] - [models.train_test.torch_model.train]
[2025-02-14 12:12:54,861] - [INFO] - ---------- - [models.train_test.torch_model.train_utils]
[2025-02-14 12:12:54,861] - [INFO] - Epoch 32/1500 - [models.train_test.torch_model.train_utils]
[2025-02-14 12:13:00,311] - [INFO] - train loss: 0.3000 auc: [0.965, 0.965] - [models.train_test.torch_model.train]
[2025-02-14 12:13:00,843] - [INFO] - val loss: 0.2396 auc: [0.9881, 0.9881] - [models.train_test.torch_model.train]
[2025-02-14 12:13:00,843] - [INFO] - ---------- - [models.train_test.torch_model.train_utils]
[2025-02-14 12:13:00,843] - [INFO] - Epoch 33/1500 - [models.train_test.torch_model.train_utils]
[2025-02-14 12:13:06,353] - [INFO] - train loss: 0.2999 auc: [0.9643, 0.9643] - [models.train_test.torch_model.train]
[2025-02-14 12:13:06,880] - [INFO] - val loss: 0.2365 auc: [0.9883, 0.9883] - [models.train_test.torch_model.train]
[2025-02-14 12:13:06,880] - [INFO] - ---------- - [models.train_test.torch_model.train_utils]
[2025-02-14 12:13:06,880] - [INFO] - Epoch 34/1500 - [models.train_test.torch_model.train_utils]
[2025-02-14 12:13:12,308] - [INFO] - train loss: 0.2972 auc: [0.9662, 0.9662] - [models.train_test.torch_model.train]
[2025-02-14 12:13:12,834] - [INFO] - val loss: 0.2239 auc: [0.9887, 0.9887] - [models.train_test.torch_model.train]
[2025-02-14 12:13:12,835] - [INFO] - ---------- - [models.train_test.torch_model.train_utils]
[2025-02-14 12:13:12,835] - [INFO] - Epoch 35/1500 - [models.train_test.torch_model.train_utils]
[2025-02-14 12:13:18,270] - [INFO] - train loss: 0.3007 auc: [0.9643, 0.9643] - [models.train_test.torch_model.train]
[2025-02-14 12:13:18,799] - [INFO] - val loss: 0.2100 auc: [0.989, 0.989] - [models.train_test.torch_model.train]
[2025-02-14 12:13:18,799] - [INFO] - ---------- - [models.train_test.torch_model.train_utils]
[2025-02-14 12:13:18,799] - [INFO] - Epoch 36/1500 - [models.train_test.torch_model.train_utils]
[2025-02-14 12:13:24,257] - [INFO] - train loss: 0.2854 auc: [0.9681, 0.9681] - [models.train_test.torch_model.train]
[2025-02-14 12:13:24,777] - [INFO] - val loss: 0.2300 auc: [0.9887, 0.9887] - [models.train_test.torch_model.train]
[2025-02-14 12:13:24,777] - [INFO] - ---------- - [models.train_test.torch_model.train_utils]
[2025-02-14 12:13:24,777] - [INFO] - Epoch 37/1500 - [models.train_test.torch_model.train_utils]
[2025-02-14 12:13:30,231] - [INFO] - train loss: 0.2997 auc: [0.9637, 0.9637] - [models.train_test.torch_model.train]
[2025-02-14 12:13:30,758] - [INFO] - val loss: 0.2040 auc: [0.9891, 0.9891] - [models.train_test.torch_model.train]
[2025-02-14 12:13:30,758] - [INFO] - ---------- - [models.train_test.torch_model.train_utils]
[2025-02-14 12:13:30,758] - [INFO] - Epoch 38/1500 - [models.train_test.torch_model.train_utils]
[2025-02-14 12:13:36,183] - [INFO] - train loss: 0.2938 auc: [0.9657, 0.9657] - [models.train_test.torch_model.train]
[2025-02-14 12:13:36,709] - [INFO] - val loss: 0.2161 auc: [0.9885, 0.9885] - [models.train_test.torch_model.train]
[2025-02-14 12:13:36,709] - [INFO] - ---------- - [models.train_test.torch_model.train_utils]
[2025-02-14 12:13:36,709] - [INFO] - Epoch 39/1500 - [models.train_test.torch_model.train_utils]
[2025-02-14 12:13:42,145] - [INFO] - train loss: 0.2849 auc: [0.9682, 0.9682] - [models.train_test.torch_model.train]
[2025-02-14 12:13:42,675] - [INFO] - val loss: 0.2049 auc: [0.9886, 0.9886] - [models.train_test.torch_model.train]
[2025-02-14 12:13:42,675] - [INFO] - ---------- - [models.train_test.torch_model.train_utils]
[2025-02-14 12:13:42,675] - [INFO] - Epoch 40/1500 - [models.train_test.torch_model.train_utils]
[2025-02-14 12:13:48,110] - [INFO] - train loss: 0.2931 auc: [0.9654, 0.9654] - [models.train_test.torch_model.train]
[2025-02-14 12:13:48,639] - [INFO] - val loss: 0.2089 auc: [0.9892, 0.9892] - [models.train_test.torch_model.train]
[2025-02-14 12:13:48,639] - [INFO] - ---------- - [models.train_test.torch_model.train_utils]
[2025-02-14 12:13:48,639] - [INFO] - Epoch 41/1500 - [models.train_test.torch_model.train_utils]
[2025-02-14 12:13:54,072] - [INFO] - train loss: 0.2791 auc: [0.9701, 0.9701] - [models.train_test.torch_model.train]
[2025-02-14 12:13:54,599] - [INFO] - val loss: 0.2127 auc: [0.9891, 0.9891] - [models.train_test.torch_model.train]
[2025-02-14 12:13:54,599] - [INFO] - ---------- - [models.train_test.torch_model.train_utils]
[2025-02-14 12:13:54,599] - [INFO] - Epoch 42/1500 - [models.train_test.torch_model.train_utils]
[2025-02-14 12:14:00,055] - [INFO] - train loss: 0.2820 auc: [0.9695, 0.9695] - [models.train_test.torch_model.train]
[2025-02-14 12:14:00,588] - [INFO] - val loss: 0.2112 auc: [0.9883, 0.9883] - [models.train_test.torch_model.train]
[2025-02-14 12:14:00,588] - [INFO] - ---------- - [models.train_test.torch_model.train_utils]
[2025-02-14 12:14:00,588] - [INFO] - Epoch 43/1500 - [models.train_test.torch_model.train_utils]
[2025-02-14 12:14:06,034] - [INFO] - train loss: 0.2929 auc: [0.9652, 0.9652] - [models.train_test.torch_model.train]
[2025-02-14 12:14:06,556] - [INFO] - val loss: 0.2011 auc: [0.9886, 0.9886] - [models.train_test.torch_model.train]
[2025-02-14 12:14:06,556] - [INFO] - ---------- - [models.train_test.torch_model.train_utils]
[2025-02-14 12:14:06,556] - [INFO] - Epoch 44/1500 - [models.train_test.torch_model.train_utils]
[2025-02-14 12:14:12,038] - [INFO] - train loss: 0.2775 auc: [0.9702, 0.9702] - [models.train_test.torch_model.train]
[2025-02-14 12:14:12,558] - [INFO] - val loss: 0.1981 auc: [0.9893, 0.9893] - [models.train_test.torch_model.train]
[2025-02-14 12:14:12,558] - [INFO] - ---------- - [models.train_test.torch_model.train_utils]
[2025-02-14 12:14:12,558] - [INFO] - Epoch 45/1500 - [models.train_test.torch_model.train_utils]
[2025-02-14 12:14:18,001] - [INFO] - train loss: 0.2764 auc: [0.9703, 0.9703] - [models.train_test.torch_model.train]
[2025-02-14 12:14:18,528] - [INFO] - val loss: 0.1987 auc: [0.9897, 0.9897] - [models.train_test.torch_model.train]
[2025-02-14 12:14:18,528] - [INFO] - ---------- - [models.train_test.torch_model.train_utils]
[2025-02-14 12:14:18,528] - [INFO] - Epoch 46/1500 - [models.train_test.torch_model.train_utils]
[2025-02-14 12:14:23,957] - [INFO] - train loss: 0.2855 auc: [0.9674, 0.9674] - [models.train_test.torch_model.train]
[2025-02-14 12:14:24,485] - [INFO] - val loss: 0.1980 auc: [0.9897, 0.9897] - [models.train_test.torch_model.train]
[2025-02-14 12:14:24,485] - [INFO] - ---------- - [models.train_test.torch_model.train_utils]
[2025-02-14 12:14:24,485] - [INFO] - Epoch 47/1500 - [models.train_test.torch_model.train_utils]
[2025-02-14 12:14:29,907] - [INFO] - train loss: 0.2805 auc: [0.969, 0.969] - [models.train_test.torch_model.train]
[2025-02-14 12:14:30,434] - [INFO] - val loss: 0.1953 auc: [0.9907, 0.9907] - [models.train_test.torch_model.train]
[2025-02-14 12:14:30,434] - [INFO] - ---------- - [models.train_test.torch_model.train_utils]
[2025-02-14 12:14:30,434] - [INFO] - Epoch 48/1500 - [models.train_test.torch_model.train_utils]
[2025-02-14 12:14:35,879] - [INFO] - train loss: 0.2709 auc: [0.9716, 0.9716] - [models.train_test.torch_model.train]
[2025-02-14 12:14:36,406] - [INFO] - val loss: 0.2138 auc: [0.9902, 0.9902] - [models.train_test.torch_model.train]
[2025-02-14 12:14:36,406] - [INFO] - ---------- - [models.train_test.torch_model.train_utils]
[2025-02-14 12:14:36,406] - [INFO] - Epoch 49/1500 - [models.train_test.torch_model.train_utils]
